// Jest Snapshot v1, https://goo.gl/fbAQLP

exports[`should mergeMap values to resolved promises with resultSelector 1`] = `
Array [
  Array [
    4,
    Array [
      4,
      0,
    ],
    0,
    0,
  ],
  Array [
    3,
    Array [
      3,
      1,
    ],
    1,
    0,
  ],
  Array [
    2,
    Array [
      2,
      2,
    ],
    2,
    0,
  ],
  Array [
    1,
    Array [
      1,
      3,
    ],
    3,
    0,
  ],
]
`;
